[127.0.0.1/wordpress/index.html]
[backblue.gif]
[fade.gif]
[index.html]
[127.0.0.1/wordpress/wp-content/themes/astra/assets/css/minified/style.min61da.css]
[127.0.0.1/wordpress/feed/index.html]
[127.0.0.1/wordpress/wp-content/themes/astra/assets/fonts/astra.woff]
[127.0.0.1/wordpress/wp-content/themes/astra/assets/css/minified/menu-animation.min61da.css]
[127.0.0.1/wordpress/wp-includes/css/dist/block-library/style.min40df.css]
[127.0.0.1/wordpress/wp-content/plugins/header-footer-elementor/assets/css/header-footer-elementor357c.css]
[127.0.0.1/wordpress/comments/feed/index.html]
[127.0.0.1/wordpress/wp-content/plugins/elementor/assets/lib/eicons/css/elementor-icons.min74e5.css]
[127.0.0.1/wordpress/wp-content/plugins/elementor/assets/lib/animations/animations.minc578.css]
[127.0.0.1/wordpress/wp-content/plugins/elementor/assets/css/frontend-legacy.minc578.css]
[127.0.0.1/wordpress/wp-content/plugins/elementor/assets/css/frontend.minc578.css]
[127.0.0.1/wordpress/wp-content/uploads/elementor/css/post-715fe38.css]
[127.0.0.1/wordpress/wp-content/plugins/elementor-pro/assets/css/frontend.min6173.css]
[127.0.0.1/wordpress/wp-content/plugins/elementor/assets/lib/font-awesome/css/all.minc578.css]
[127.0.0.1/wordpress/wp-content/plugins/elementor/assets/lib/font-awesome/css/v4-shims.minc578.css]
[127.0.0.1/wordpress/wp-content/uploads/elementor/css/post-7328e5d.css]
[127.0.0.1/wordpress/wp-content/plugins/header-footer-elementor/inc/widgets-css/frontend357c.css]
[127.0.0.1/wordpress/wp-content/uploads/elementor/css/post-293dc66.css]
[127.0.0.1/wordpress/wp-content/plugins/elementor/assets/lib/font-awesome/css/fontawesome.minb683.css]
[127.0.0.1/wordpress/wp-content/plugins/elementor/assets/lib/font-awesome/css/solid.minb683.css]
[127.0.0.1/wordpress/wp-content/plugins/elementor/assets/lib/font-awesome/css/brands.minb683.css]
[127.0.0.1/wordpress/wp-content/plugins/elementor/assets/lib/font-awesome/js/v4-shims.minc578.js]
[127.0.0.1/wordpress/wp-json/wp/v2/pages/732.json]
[127.0.0.1/wordpress/wp-json/index.html]
[127.0.0.1/wordpress/xmlrpc0db0.php]
[127.0.0.1/wordpress/wp-includes/wlwmanifest.xml]
[127.0.0.1/wordpress/wp-json/oembed/1.0/embedea0a.json]
[127.0.0.1/wordpress/wp-content/uploads/2020/12/cropped-0b80f2fd-0cc7-4fe8-8e75-2f7dafa840f5_200x200-80x43.png]
[127.0.0.1/wordpress/wp-json/oembed/1.0/embed7859]
[127.0.0.1/wordpress/wp-content/uploads/2020/10/pattern-v.png]
[127.0.0.1/wordpress/wp-content/uploads/2020/12/cropped-0b80f2fd-0cc7-4fe8-8e75-2f7dafa840f5_200x200.png]
[127.0.0.1/wordpress/thong-tin/index.html]
[127.0.0.1/wordpress/wp-content/themes/astra/assets/js/minified/style.min61da.js]
[127.0.0.1/wordpress/ve-chung-toi/index.html]
[127.0.0.1/wordpress/wp-includes/js/wp-embed.min40df.js]
[127.0.0.1/wordpress/cau-hoi-thuong-gap/index.html]
[127.0.0.1/wordpress/lien-he/index.html]
[127.0.0.1/wordpress/dang-nhap-sinh-vien/index.html]
[127.0.0.1/wordpress/wp-content/plugins/elementor/assets/lib/jquery-numerator/jquery-numerator.min3958.js]
[127.0.0.1/wordpress/wp-includes/js/jquery/jquery-migrate.mind617.js]
[127.0.0.1/wordpress/dang-nhap-thu-thu/index.html]
[127.0.0.1/wordpress/wp-content/plugins/elementor-pro/assets/lib/sticky/jquery.sticky.min6173.js]
[127.0.0.1/wordpress/wp-content/plugins/elementor/assets/js/frontend-modules.minc578.js]
[127.0.0.1/wordpress/wp-includes/js/jquery/jquery.min9d52.js]
[127.0.0.1/wordpress/wp-content/plugins/elementor/assets/lib/dialog/dialog.mina288.js]
[127.0.0.1/wordpress/wp-includes/js/jquery/ui/core.min35d0.js]
[127.0.0.1/wordpress/wp-content/plugins/elementor/assets/lib/waypoints/waypoints.min05da.js]
[127.0.0.1/wordpress/wp-content/plugins/elementor/assets/lib/share-link/share-link.minc578.js]
[127.0.0.1/wordpress/wp-content/plugins/elementor-pro/assets/js/frontend.min6173.js]
[127.0.0.1/wordpress/wp-includes/js/underscore.min4511.js]
[127.0.0.1/wordpress/wp-includes/js/wp-util.min40df.js]
[127.0.0.1/wordpress/index.html]
[127.0.0.1/wordpress/wp-content/plugins/wpforms-lite/assets/js/integrations/elementor/frontend.min2745.js]
[127.0.0.1/wordpress/wp-content/themes/astra/assets/css/minified/style.min61da.css]
[127.0.0.1/wordpress/wp-content/themes/astra/assets/css/minified/menu-animation.min61da.css]
[127.0.0.1/wordpress/wp-includes/css/dist/block-library/style.min40df.css]
[127.0.0.1/wordpress/wp-content/plugins/header-footer-elementor/assets/css/header-footer-elementor357c.css]
[127.0.0.1/wordpress/wp-content/plugins/elementor/assets/lib/eicons/fonts/eiconsc2cd.eot]
[127.0.0.1/wordpress/wp-content/plugins/elementor/assets/js/frontend.minc578.js]
[127.0.0.1/wordpress/wp-content/plugins/elementor/assets/lib/swiper/swiper.min48f5.js]
[127.0.0.1/wordpress/wp-content/plugins/elementor/assets/lib/eicons/fonts/eiconsc2cd.woff2]
[127.0.0.1/wordpress/wp-content/plugins/elementor/assets/lib/eicons/fonts/eiconsc2cd.woff]
[127.0.0.1/wordpress/wp-content/plugins/elementor/assets/lib/eicons/fonts/eiconsc2cd.ttf]
[127.0.0.1/wordpress/wp-content/plugins/elementor/assets/lib/eicons/css/elementor-icons.min74e5.css]
[127.0.0.1/wordpress/wp-content/plugins/elementor/assets/lib/animations/animations.minc578.css]
[127.0.0.1/wordpress/wp-content/plugins/elementor/assets/css/frontend-legacy.minc578.css]
[127.0.0.1/wordpress/wp-content/plugins/elementor/assets/css/frontend.minc578.css]
[127.0.0.1/wordpress/wp-content/uploads/elementor/css/post-715fe38.css]
[127.0.0.1/wordpress/wp-content/plugins/elementor-pro/assets/css/frontend.min6173.css]
[127.0.0.1/wordpress/wp-content/plugins/elementor/assets/lib/font-awesome/webfonts/fa-brands-400.eot]
[127.0.0.1/wordpress/wp-content/plugins/elementor/assets/lib/font-awesome/webfonts/fa-brands-400.woff2]
[127.0.0.1/wordpress/wp-content/plugins/elementor/assets/lib/font-awesome/webfonts/fa-brands-400d41d.eot]
[127.0.0.1/wordpress/wp-content/plugins/elementor/assets/lib/font-awesome/webfonts/fa-brands-400.woff]
[127.0.0.1/wordpress/wp-content/plugins/elementor/assets/lib/font-awesome/webfonts/fa-brands-400.ttf]
[127.0.0.1/wordpress/wp-content/plugins/elementor/assets/lib/font-awesome/webfonts/fa-regular-400.eot]
[127.0.0.1/wordpress/wp-content/plugins/elementor/assets/lib/font-awesome/webfonts/fa-regular-400d41d.eot]
[127.0.0.1/wordpress/wp-content/plugins/elementor/assets/lib/font-awesome/webfonts/fa-regular-400.woff2]
[127.0.0.1/wordpress/wp-content/plugins/elementor/assets/lib/font-awesome/webfonts/fa-regular-400.woff]
[127.0.0.1/wordpress/wp-content/plugins/elementor/assets/lib/font-awesome/webfonts/fa-regular-400.ttf]
[127.0.0.1/wordpress/wp-content/plugins/elementor/assets/lib/font-awesome/webfonts/fa-solid-900.eot]
[127.0.0.1/wordpress/wp-content/plugins/elementor/assets/lib/font-awesome/webfonts/fa-solid-900.woff2]
[127.0.0.1/wordpress/wp-content/plugins/elementor/assets/lib/font-awesome/webfonts/fa-solid-900d41d.eot]
[127.0.0.1/wordpress/wp-content/plugins/elementor/assets/lib/font-awesome/webfonts/fa-solid-900.woff]
[127.0.0.1/wordpress/wp-content/plugins/elementor/assets/lib/font-awesome/webfonts/fa-solid-900.ttf]
[127.0.0.1/wordpress/wp-content/plugins/elementor/assets/lib/font-awesome/css/all.minc578.css]
[127.0.0.1/wordpress/wp-content/plugins/elementor/assets/lib/font-awesome/css/v4-shims.minc578.css]
[127.0.0.1/wordpress/wp-content/uploads/2020/02/bg-01-free-img.jpg]
[127.0.0.1/wordpress/wp-content/uploads/2020/10/background1.jpg]
[127.0.0.1/wordpress/wp-content/uploads/elementor/css/post-7328e5d.css]
[127.0.0.1/wordpress/wp-content/plugins/header-footer-elementor/inc/widgets-css/frontend357c.css]
[127.0.0.1/wordpress/wp-content/uploads/elementor/css/post-293dc66.css]
[127.0.0.1/wordpress/wp-content/plugins/elementor/assets/lib/font-awesome/css/fontawesome.minb683.css]
[127.0.0.1/wordpress/wp-content/plugins/elementor/assets/lib/font-awesome/css/solid.minb683.css]
[127.0.0.1/wordpress/wp-content/plugins/elementor/assets/lib/font-awesome/css/brands.minb683.css]
[127.0.0.1/wordpress/wp-content/uploads/elementor/css/post-735383a.css]
[127.0.0.1/wordpress/wp-json/wp/v2/pages/735.json]
[127.0.0.1/wordpress/wp-json/oembed/1.0/embed2d67.json]
[127.0.0.1/wordpress/wp-json/oembed/1.0/embed0bd9]
[127.0.0.1/wordpress/thong-tin/index.html]
[127.0.0.1/wordpress/wp-content/uploads/elementor/css/post-7332af2.css]
[127.0.0.1/wordpress/wp-json/wp/v2/pages/733.json]
[127.0.0.1/wordpress/wp-json/oembed/1.0/embedf257.json]
[127.0.0.1/wordpress/wp-json/oembed/1.0/embedb974]
[127.0.0.1/wordpress/ve-chung-toi/index.html]
[127.0.0.1/wordpress/wp-content/uploads/elementor/css/post-1696c0.css]
[127.0.0.1/wordpress/wp-json/wp/v2/pages/16.json]
[127.0.0.1/wordpress/wp-json/oembed/1.0/embedad07.json]
[127.0.0.1/wordpress/wp-json/oembed/1.0/embed01c8]
[127.0.0.1/wordpress/cau-hoi-thuong-gap/index.html]
[127.0.0.1/wordpress/wp-content/uploads/elementor/css/post-734027a.css]
[127.0.0.1/wordpress/wp-content/plugins/wpforms-lite/assets/css/wpforms-base.min2745.css]
[127.0.0.1/wordpress/wp-json/wp/v2/pages/734.json]
[127.0.0.1/wordpress/wp-json/oembed/1.0/embed9f6b.json]
[127.0.0.1/wordpress/wp-json/oembed/1.0/embedd81e]
[127.0.0.1/wordpress/lien-he/index.html]
[127.0.0.1/wordpress/wp-content/uploads/elementor/css/post-74320a3.css]
[127.0.0.1/wordpress/wp-json/wp/v2/pages/743.json]
[127.0.0.1/wordpress/wp-json/oembed/1.0/embedb3ba.json]
[127.0.0.1/wordpress/wp-json/oembed/1.0/embed628c]
[127.0.0.1/wordpress/wp-content/plugins/header-footer-elementor/inc/js/frontend357c.js]
[127.0.0.1/wordpress/dang-nhap-sinh-vien/index.html]
[127.0.0.1/wordpress/thong-tin-sinh-vien/index.html]
[127.0.0.1/wordpress/wp-content/uploads/elementor/css/post-8681002.css]
[127.0.0.1/wordpress/wp-json/wp/v2/pages/868.json]
[127.0.0.1/wordpress/wp-json/oembed/1.0/embed9ac3.json]
[127.0.0.1/wordpress/wp-json/oembed/1.0/embed047b]
[127.0.0.1/wordpress/dang-nhap-thu-thu/index.html]
[127.0.0.1/wordpress/_data_image/svg+xml,_svg xmlns='http_/www.w3.org/2000/svg' preserveAspectRatio='none' overflow='visib/__/svg__.html]
[127.0.0.1/wordpress/wp-content/plugins/elementor/assets/lib/eicons/fonts/eiconsc2cd.svg]
[127.0.0.1/wordpress/wp-content/plugins/elementor/assets/lib/font-awesome/webfonts/fa-brands-400.svg]
[127.0.0.1/wordpress/wp-content/plugins/elementor/assets/lib/font-awesome/webfonts/fa-regular-400.svg]
[127.0.0.1/wordpress/thong-tin-thu-thu/index.html]
[127.0.0.1/wordpress/wp-content/plugins/elementor/assets/lib/font-awesome/webfonts/fa-solid-900.svg]
[127.0.0.1/wordpress/wp-content/uploads/2020/02/bg-04-free-img.jpg]
[127.0.0.1/wordpress/wp-content/uploads/elementor/css/post-735383a.css]
[127.0.0.1/wordpress/indexb45d.html]
[127.0.0.1/wordpress/thong-tin/_data_image/svg+xml,_svg xmlns='http_/www.w3.org/2000/svg' preserveAspectRatio='none' overflow='visib/__/svg__.html]
[127.0.0.1/wordpress/wp-content/uploads/2020/02/bg-07-free-img.jpg]
[127.0.0.1/wordpress/wp-content/uploads/2020/12/bg-09-free-img.jpg]
[127.0.0.1/wordpress/wp-content/uploads/elementor/css/post-7332af2.css]
[127.0.0.1/wordpress/index2531.html]
[127.0.0.1/wordpress/ve-chung-toi/_data_image/svg+xml,_svg xmlns='http_/www.w3.org/2000/svg' preserveAspectRatio='none' overflow='visib/__/svg__.html]
[127.0.0.1/wordpress/wp-content/uploads/2020/02/bg-05-free-img.jpg]
[127.0.0.1/wordpress/wp-content/uploads/elementor/css/post-1696c0.css]
[127.0.0.1/wordpress/index0e62.html]
[127.0.0.1/wordpress/cau-hoi-thuong-gap/_data_image/svg+xml,_svg xmlns='http_/www.w3.org/2000/svg' preserveAspectRatio='none' overflow='visib/__/svg__.html]
[127.0.0.1/wordpress/wp-content/uploads/2020/02/bg-06-free-img.jpg]
[127.0.0.1/wordpress/wp-content/uploads/elementor/css/post-734027a.css]
[127.0.0.1/wordpress/wp-content/plugins/wpforms-lite/assets/css/wpforms-base.min2745.css]
[127.0.0.1/wordpress/index7458.html]
[127.0.0.1/wordpress/lien-he/_data_image/svg+xml,_svg xmlns='http_/www.w3.org/2000/svg' preserveAspectRatio='none' overflow='visib/__/svg__.html]
[127.0.0.1/wordpress/wp-content/uploads/2020/12/25388715424_65480dbf18_k.jpg]
[127.0.0.1/wordpress/wp-content/uploads/elementor/css/post-74320a3.css]
[127.0.0.1/wordpress/index2812.html]
[127.0.0.1/wordpress/wp-content/uploads/elementor/css/post-8057157.css]
[127.0.0.1/wordpress/wp-content/plugins/elementor/assets/lib/font-awesome/css/regular.minb683.css]
[127.0.0.1/wordpress/wp-json/wp/v2/pages/805.json]
[127.0.0.1/wordpress/wp-json/oembed/1.0/embed7e02.json]
[127.0.0.1/wordpress/wp-json/oembed/1.0/embed0f83]
[127.0.0.1/wordpress/thong-tin-sinh-vien/index.html]
[127.0.0.1/wordpress/doi-mat-khau/index.html]
[127.0.0.1/wordpress/tra-cuu-sach/index.html]
[127.0.0.1/wordpress/dang-nhap-sinh-vien/_data_image/svg+xml,_svg xmlns='http_/www.w3.org/2000/svg' preserveAspectRatio='none' overflow='visib/__/svg__.html]
[127.0.0.1/wordpress/wp-content/uploads/elementor/css/post-8681002.css]
[127.0.0.1/wordpress/index4c3a.html]
[127.0.0.1/wordpress/wp-content/uploads/elementor/css/post-8923b8c.css]
[127.0.0.1/wordpress/wp-json/wp/v2/pages/892.json]
[127.0.0.1/wordpress/wp-json/oembed/1.0/embedc9f8.json]
[127.0.0.1/wordpress/wp-json/oembed/1.0/embedde5e]
[127.0.0.1/wordpress/thong-tin-thu-thu/index.html]
[127.0.0.1/wordpress/dang-nhap-thu-thu/_data_image/svg+xml,_svg xmlns='http_/www.w3.org/2000/svg' preserveAspectRatio='none' overflow='visib/__/svg__.html]
[127.0.0.1/wordpress/wp-content/plugins/wpforms-lite/assets/images/times-solid-white.svg]
[127.0.0.1/wordpress/wp-content/uploads/2020/12/landscape-mountains-sky-4843193.jpg]
[127.0.0.1/wordpress/wp-content/uploads/elementor/css/post-8057157.css]
[127.0.0.1/wordpress/wp-content/plugins/elementor/assets/lib/font-awesome/css/regular.minb683.css]
[127.0.0.1/wordpress/index028e.html]
[127.0.0.1/wordpress/wp-content/uploads/elementor/css/post-8526280.css]
[127.0.0.1/wordpress/wp-json/wp/v2/pages/852.json]
[127.0.0.1/wordpress/wp-json/oembed/1.0/embed7fe3.json]
[127.0.0.1/wordpress/wp-json/oembed/1.0/embed7045]
[127.0.0.1/wordpress/doi-mat-khau/index.html]
[127.0.0.1/wordpress/wp-content/uploads/elementor/css/post-829e5a4.css]
[127.0.0.1/wordpress/wp-json/wp/v2/pages/829.json]
[127.0.0.1/wordpress/wp-json/oembed/1.0/embedc632.json]
[127.0.0.1/wordpress/wp-json/oembed/1.0/embed7086]
[127.0.0.1/wordpress/tra-cuu-sach/index.html]
[127.0.0.1/wordpress/thong-tin-sinh-vien/_data_image/svg+xml,_svg xmlns='http_/www.w3.org/2000/svg' preserveAspectRatio='none' overflow='visib/__/svg__.html]
[127.0.0.1/wordpress/wp-content/uploads/elementor/css/post-8923b8c.css]
[127.0.0.1/wordpress/index2b62.html]
[127.0.0.1/wordpress/thong-tin-thu-thu/_data_image/svg+xml,_svg xmlns='http_/www.w3.org/2000/svg' preserveAspectRatio='none' overflow='visib/__/svg__.html]
[127.0.0.1/wordpress/wp-content/uploads/2020/12/about-bg-2.jpg]
[127.0.0.1/wordpress/wp-content/uploads/elementor/css/post-8526280.css]
[127.0.0.1/wordpress/index914d.html]
[127.0.0.1/wordpress/doi-mat-khau/_data_image/svg+xml,_svg xmlns='http_/www.w3.org/2000/svg' preserveAspectRatio='none' overflow='visib/__/svg__.html]
[127.0.0.1/wordpress/wp-content/uploads/2020/12/project-background.jpg]
[127.0.0.1/wordpress/wp-content/uploads/elementor/css/post-829e5a4.css]
[127.0.0.1/wordpress/indexf9af.html]
[127.0.0.1/wordpress/tra-cuu-sach/_data_image/svg+xml,_svg xmlns='http_/www.w3.org/2000/svg' preserveAspectRatio='none' overflow='visib/__/svg__.html]
